Iterations:        10000
Instructions:      490000
Total Cycles:      320011
Total uOps:        510000

Dispatch Width:    4
uOps Per Cycle:    1.59
IPC:               1.53
Block RThroughput: 12.8


Cycles with backend pressure increase [ 71.34% ]
Throughput Bottlenecks: 
  Resource Pressure       [ 0.00% ]
  - Zn2ALU0  [ 0.00% ]
  - Zn2ALU3  [ 0.00% ]
  Data Dependencies:      [ 71.34% ]
  - Register Dependencies [ 71.34% ]
  - Memory Dependencies   [ 0.00% ]

Critical sequence based on the simulation:

              Instruction                                 Dependency Information
        0.    push	rbx
        1.    mov	rdx, rsi
        2.    movabs	rax, 595056260442243601
        3.    mov	r8, rsi
        4.    vmovdqa	ymm1, ymmword ptr [rip + .LCPI25_0]
        5.    vmovdqa	ymm3, ymmword ptr [rip + .LCPI25_1]
 +----< 6.    shr	rdx, 4
 +----> 7.    mulx	rdx, rdx, rax                     ## REGISTER dependency:  rdx
 |      8.    mov	r9, qword ptr [rdi + 8]
 +----> 9.    imul	rcx, rdx, 496                     ## REGISTER dependency:  rdx
 |      10.   shl	rdx, 6
 +----> 11.   sub	r8, rcx                           ## REGISTER dependency:  rcx
 |      12.   mov	rcx, qword ptr [rdi + 32]
 |      13.   lea	rdi, [r9 + rdx]
 +----> 14.   mov	r10d, r8d                         ## REGISTER dependency:  r8
 |      15.   mov	r11d, r8d
 +----> 16.   shr	r10d, 8                           ## REGISTER dependency:  r10d
 |      17.   shl	r11d, 5
 |      18.   shl	r10d, 5
 |      19.   vmovdqu	ymm0, ymmword ptr [r10 + rdi]
 |      20.   vpand	ymm0, ymm0, ymmword ptr [rbx + r11]
 |      21.   vpand	ymm2, ymm0, ymm1
 |      22.   vpsrlw	ymm0, ymm0, 4
 |      23.   vpand	ymm0, ymm0, ymm1
 |      24.   vpshufb	ymm2, ymm3, ymm2
 |      25.   vpxor	xmm1, xmm1, xmm1
 |      26.   vpshufb	ymm0, ymm3, ymm0
 |      27.   vpaddb	ymm0, ymm0, ymm2
 |      28.   vpsadbw	ymm0, ymm0, ymm1
 |      29.   vextracti128	xmm1, ymm0, 1
 |      30.   vpaddq	xmm0, xmm0, xmm1
 |      31.   vpshufd	xmm1, xmm0, 238
 |      32.   vpaddq	xmm0, xmm0, xmm1
 |      33.   vmovq	rdi, xmm0
 |      34.   mov	r10, rdi
 |      35.   neg	r10
 |      36.   cmp	r8, 256
 |      37.   movzx	r8d, word ptr [r9 + rdx + 62]
 |      38.   cmovae	r10, rdi
 |      39.   shr	rsi, 11
 +----> 40.   mov	rdx, rsi                          ## RESOURCE interference:  Zn2ALU3 [ probability: 0% ]
 +----> 41.   mulx	rax, rax, rax                     ## REGISTER dependency:  rdx
 +----> 42.   mov	eax, dword ptr [rcx + 4*rax]      ## REGISTER dependency:  rax
 +----> 43.   shl	rax, 11                           ## REGISTER dependency:  eax
        44.   add	rax, r8
        45.   add	rax, r10
        46.   pop	rbx
        47.   vzeroupper
        48.   ret


Instruction Info:
[1]: #uOps
[2]: Latency
[3]: RThroughput
[4]: MayLoad
[5]: MayStore
[6]: HasSideEffects (U)

[1]    [2]    [3]    [4]    [5]    [6]    Instructions:
 1      1     0.33           *            push	rbx
 1      1     0.25                        mov	rdx, rsi
 1      1     0.25                        movabs	rax, 595056260442243601
 1      1     0.25                        mov	r8, rsi
 1      8     0.33    *                   vmovdqa	ymm1, ymmword ptr [rip + .LCPI25_0]
 1      8     0.33    *                   vmovdqa	ymm3, ymmword ptr [rip + .LCPI25_1]
 1      1     0.25                        shr	rdx, 4
 1      3     2.00                        mulx	rdx, rdx, rax
 1      8     0.33    *                   mov	r9, qword ptr [rdi + 8]
 2      4     1.00                        imul	rcx, rdx, 496
 1      1     0.25                        shl	rdx, 6
 1      1     0.25                        sub	r8, rcx
 1      8     0.33    *                   mov	rcx, qword ptr [rdi + 32]
 1      1     0.25                        lea	rdi, [r9 + rdx]
 1      1     0.25                        mov	r10d, r8d
 1      1     0.25                        mov	r11d, r8d
 1      1     0.25                        shr	r10d, 8
 1      1     0.25                        shl	r11d, 5
 1      1     0.25                        shl	r10d, 5
 1      8     0.33    *                   vmovdqu	ymm0, ymmword ptr [r10 + rdi]
 1      8     0.33    *                   vpand	ymm0, ymm0, ymmword ptr [rbx + r11]
 1      1     0.25                        vpand	ymm2, ymm0, ymm1
 1      1     0.25                        vpsrlw	ymm0, ymm0, 4
 1      1     0.25                        vpand	ymm0, ymm0, ymm1
 1      1     0.25                        vpshufb	ymm2, ymm3, ymm2
 1      1     0.25                        vpxor	xmm1, xmm1, xmm1
 1      1     0.25                        vpshufb	ymm0, ymm3, ymm0
 1      1     0.25                        vpaddb	ymm0, ymm0, ymm2
 1      3     1.00                        vpsadbw	ymm0, ymm0, ymm1
 1      2     0.25                        vextracti128	xmm1, ymm0, 1
 1      1     0.25                        vpaddq	xmm0, xmm0, xmm1
 1      1     0.25                        vpshufd	xmm1, xmm0, 238
 1      1     0.25                        vpaddq	xmm0, xmm0, xmm1
 1      2     1.00                        vmovq	rdi, xmm0
 1      1     0.25                        mov	r10, rdi
 1      1     0.25                        neg	r10
 1      1     0.25                        cmp	r8, 256
 1      8     0.33    *                   movzx	r8d, word ptr [r9 + rdx + 62]
 1      1     0.25                        cmovae	r10, rdi
 1      1     0.25                        shr	rsi, 11
 1      1     0.25                        mov	rdx, rsi
 1      3     2.00                        mulx	rax, rax, rax
 1      8     0.33    *                   mov	eax, dword ptr [rcx + 4*rax]
 1      1     0.25                        shl	rax, 11
 1      1     0.25                        add	rax, r8
 1      1     0.25                        add	rax, r10
 1      8     0.33    *                   pop	rbx
 1      1     0.25                  U     vzeroupper
 2      1     0.50                  U     ret


Resources:
[0]   - Zn2AGU0
[1]   - Zn2AGU1
[2]   - Zn2AGU2
[3]   - Zn2ALU0
[4]   - Zn2ALU1
[5]   - Zn2ALU2
[6]   - Zn2ALU3
[7]   - Zn2Divider
[8]   - Zn2FPU0
[9]   - Zn2FPU1
[10]  - Zn2FPU2
[11]  - Zn2FPU3
[12]  - Zn2Multiplier


Resource pressure per iteration:
[0]    [1]    [2]    [3]    [4]    [5]    [6]    [7]    [8]    [9]    [10]   [11]   [12]   
3.33   3.33   3.33   6.33   7.00   6.33   6.33    -     3.50   3.50   3.50   3.50   5.00   

Resource pressure by instruction:
[0]    [1]    [2]    [3]    [4]    [5]    [6]    [7]    [8]    [9]    [10]   [11]   [12]   Instructions:
0.33   0.33   0.33    -      -      -      -      -      -      -      -      -      -     push	rbx
 -      -      -      -      -     0.67   0.33    -      -      -      -      -      -     mov	rdx, rsi
 -      -      -     0.33   0.33   0.33    -      -      -      -      -      -      -     movabs	rax, 595056260442243601
 -      -      -     0.33   0.33    -     0.33    -      -      -      -      -      -     mov	r8, rsi
0.33   0.33   0.33    -      -      -      -      -      -      -      -      -      -     vmovdqa	ymm1, ymmword ptr [rip + .LCPI25_0]
0.33   0.33   0.33    -      -      -      -      -      -      -      -      -      -     vmovdqa	ymm3, ymmword ptr [rip + .LCPI25_1]
 -      -      -     0.33    -     0.33   0.33    -      -      -      -      -      -     shr	rdx, 4
 -      -      -      -     1.00    -      -      -      -      -      -      -     2.00   mulx	rdx, rdx, rax
0.33   0.33   0.33    -      -      -      -      -      -      -      -      -      -     mov	r9, qword ptr [rdi + 8]
 -      -      -      -     1.00    -      -      -      -      -      -      -     1.00   imul	rcx, rdx, 496
 -      -      -     0.33    -     0.33   0.33    -      -      -      -      -      -     shl	rdx, 6
 -      -      -     0.33    -     0.33   0.33    -      -      -      -      -      -     sub	r8, rcx
0.33   0.33   0.33    -      -      -      -      -      -      -      -      -      -     mov	rcx, qword ptr [rdi + 32]
 -      -      -     0.33    -     0.33   0.33    -      -      -      -      -      -     lea	rdi, [r9 + rdx]
 -      -      -     0.33   0.33   0.33    -      -      -      -      -      -      -     mov	r10d, r8d
 -      -      -     0.33   0.33    -     0.33    -      -      -      -      -      -     mov	r11d, r8d
 -      -      -      -     0.33   0.33   0.33    -      -      -      -      -      -     shr	r10d, 8
 -      -      -     0.33   0.33   0.33    -      -      -      -      -      -      -     shl	r11d, 5
 -      -      -     0.33   0.33    -     0.33    -      -      -      -      -      -     shl	r10d, 5
0.33   0.33   0.33    -      -      -      -      -      -      -      -      -      -     vmovdqu	ymm0, ymmword ptr [r10 + rdi]
0.33   0.33   0.33    -      -      -      -      -     0.50    -      -     0.50    -     vpand	ymm0, ymm0, ymmword ptr [rbx + r11]
 -      -      -      -      -      -      -      -      -     0.50    -     0.50    -     vpand	ymm2, ymm0, ymm1
 -      -      -      -      -      -      -      -     0.50    -     0.50    -      -     vpsrlw	ymm0, ymm0, 4
 -      -      -      -      -      -      -      -      -     0.50    -     0.50    -     vpand	ymm0, ymm0, ymm1
 -      -      -      -      -      -      -      -     0.50    -     0.50    -      -     vpshufb	ymm2, ymm3, ymm2
 -      -      -      -      -      -      -      -     0.50   0.50    -      -      -     vpxor	xmm1, xmm1, xmm1
 -      -      -      -      -      -      -      -      -     0.50    -     0.50    -     vpshufb	ymm0, ymm3, ymm0
 -      -      -      -      -      -      -      -     0.50    -     0.50    -      -     vpaddb	ymm0, ymm0, ymm2
 -      -      -      -      -      -      -      -     1.00    -      -      -      -     vpsadbw	ymm0, ymm0, ymm1
 -      -      -      -      -      -      -      -      -     0.50    -     0.50    -     vextracti128	xmm1, ymm0, 1
 -      -      -      -      -      -      -      -      -      -     0.50   0.50    -     vpaddq	xmm0, xmm0, xmm1
 -      -      -      -      -      -      -      -      -     0.50   0.50    -      -     vpshufd	xmm1, xmm0, 238
 -      -      -      -      -      -      -      -      -     0.50    -     0.50    -     vpaddq	xmm0, xmm0, xmm1
 -      -      -      -      -      -      -      -      -      -     1.00    -      -     vmovq	rdi, xmm0
 -      -      -     0.33    -     0.33   0.33    -      -      -      -      -      -     mov	r10, rdi
 -      -      -     0.33    -     0.33   0.33    -      -      -      -      -      -     neg	r10
 -      -      -     0.33   0.33    -     0.33    -      -      -      -      -      -     cmp	r8, 256
0.33   0.33   0.33    -      -      -      -      -      -      -      -      -      -     movzx	r8d, word ptr [r9 + rdx + 62]
 -      -      -      -     0.33   0.33   0.33    -      -      -      -      -      -     cmovae	r10, rdi
 -      -      -     0.33    -     0.33   0.33    -      -      -      -      -      -     shr	rsi, 11
 -      -      -      -     0.33   0.33   0.33    -      -      -      -      -      -     mov	rdx, rsi
 -      -      -      -     1.00    -      -      -      -      -      -      -     2.00   mulx	rax, rax, rax
0.33   0.33   0.33    -      -      -      -      -      -      -      -      -      -     mov	eax, dword ptr [rcx + 4*rax]
 -      -      -      -     0.33   0.33   0.33    -      -      -      -      -      -     shl	rax, 11
 -      -      -     0.33   0.33   0.33    -      -      -      -      -      -      -     add	rax, r8
 -      -      -     0.33    -     0.33   0.33    -      -      -      -      -      -     add	rax, r10
0.33   0.33   0.33    -      -      -      -      -      -      -      -      -      -     pop	rbx
 -      -      -     0.67    -     0.33    -      -      -      -      -      -      -     vzeroupper
 -      -      -     0.33    -      -     0.67    -      -      -      -      -      -     ret
