Iterations:        10000
Instructions:      400000
Total Cycles:      104052
Total uOps:        530000

Dispatch Width:    6
uOps Per Cycle:    5.09
IPC:               3.84
Block RThroughput: 8.8


Cycles with backend pressure increase [ 57.70% ]
Throughput Bottlenecks: 
  Resource Pressure       [ 46.17% ]
  - ICXPort0  [ 34.55% ]
  - ICXPort1  [ 44.20% ]
  - ICXPort2  [ 1.92% ]
  - ICXPort3  [ 1.92% ]
  - ICXPort5  [ 40.37% ]
  - ICXPort6  [ 34.55% ]
  Data Dependencies:      [ 42.33% ]
  - Register Dependencies [ 42.33% ]
  - Memory Dependencies   [ 0.00% ]

Critical sequence based on the simulation:

              Instruction                                 Dependency Information
 +----< 37.   pop	rbx
 |
 |    < loop carried > 
 |
 +----> 0.    push	rbx                               ## REGISTER dependency:  rsp
 +----> 1.    mov	rdx, rsi                          ## RESOURCE interference:  ICXPort1 [ probability: 19% ]
 +----> 2.    shr	rdx, 4                            ## REGISTER dependency:  rdx
 |      3.    movabs	rax, 595056260442243601
 +----> 4.    mulx	rcx, rcx, rax                     ## REGISTER dependency:  rdx
 |      5.    imul	rdx, rcx, 496
 |      6.    mov	r8, rsi
 |      7.    sub	r8, rdx
 +----> 8.    shl	rcx, 6                            ## REGISTER dependency:  rcx
 |      9.    mov	rdx, qword ptr [rdi + 8]
 +----> 10.   lea	r9, [rdx + rcx]                   ## REGISTER dependency:  rcx
 |      11.   mov	r10d, r8d
 |      12.   shr	r10d, 3
 |      13.   and	r10d, 32
 |      14.   mov	r11d, r8d
 |      15.   shl	r11d, 5
 |      16.   vmovdqu	ymm0, ymmword ptr [rbx + r11]
 +----> 17.   vpand	ymm0, ymm0, ymmword ptr [r10 + r9] ## REGISTER dependency:  r9
 |      18.   mov	rdi, qword ptr [rdi + 32]
 +----> 19.   vpopcntq	ymm0, ymm0                        ## REGISTER dependency:  ymm0
 |      20.   vextracti128	xmm1, ymm0, 1
 +----> 21.   vpaddq	xmm0, xmm1, xmm0                  ## REGISTER dependency:  ymm0
 +----> 22.   vpshufd	xmm1, xmm0, 238                   ## REGISTER dependency:  xmm0
 +----> 23.   vpaddq	xmm0, xmm0, xmm1                  ## REGISTER dependency:  xmm1
 +----> 24.   vmovd	r9d, xmm0                         ## REGISTER dependency:  xmm0
 +----> 25.   mov	r10, r9                           ## REGISTER dependency:  r9d
 +----> 26.   neg	r10                               ## REGISTER dependency:  r10
 +----> 27.   cmp	r8, 256                           ## RESOURCE interference:  ICXPort1 [ probability: 19% ]
 |      28.   movzx	ecx, word ptr [rdx + rcx + 62]
 +----> 29.   cmovae	r10, r9                           ## REGISTER dependency:  flags
 +----> 30.   shr	rsi, 11                           ## RESOURCE interference:  ICXPort0 [ probability: 39% ]
 +----> 31.   mov	rdx, rsi                          ## REGISTER dependency:  rsi
 +----> 32.   mulx	rax, rax, rax                     ## REGISTER dependency:  rdx
 +----> 33.   mov	eax, dword ptr [rdi + 4*rax]      ## REGISTER dependency:  rax
 +----> 34.   shl	rax, 11                           ## REGISTER dependency:  eax
 |      35.   add	rax, rcx
 |      36.   add	rax, r10
 |      37.   pop	rbx
 |      38.   vzeroupper
 |      39.   ret
 |
 |    < loop carried > 
 |
 +----> 3.    movabs	rax, 595056260442243601           ## RESOURCE interference:  ICXPort6 [ probability: 19% ]


Instruction Info:
[1]: #uOps
[2]: Latency
[3]: RThroughput
[4]: MayLoad
[5]: MayStore
[6]: HasSideEffects (U)

[1]    [2]    [3]    [4]    [5]    [6]    Instructions:
 3      2     1.00           *            push	rbx
 1      1     0.25                        mov	rdx, rsi
 1      1     0.50                        shr	rdx, 4
 1      1     0.25                        movabs	rax, 595056260442243601
 3      4     1.00                        mulx	rcx, rcx, rax
 1      3     1.00                        imul	rdx, rcx, 496
 1      1     0.25                        mov	r8, rsi
 1      1     0.25                        sub	r8, rdx
 1      1     0.50                        shl	rcx, 6
 1      5     0.50    *                   mov	rdx, qword ptr [rdi + 8]
 1      1     0.50                        lea	r9, [rdx + rcx]
 1      1     0.25                        mov	r10d, r8d
 1      1     0.50                        shr	r10d, 3
 1      1     0.25                        and	r10d, 32
 1      1     0.25                        mov	r11d, r8d
 1      1     0.50                        shl	r11d, 5
 1      7     0.50    *                   vmovdqu	ymm0, ymmword ptr [rbx + r11]
 2      8     0.50    *                   vpand	ymm0, ymm0, ymmword ptr [r10 + r9]
 1      5     0.50    *                   mov	rdi, qword ptr [rdi + 32]
 1      1     0.50                        vpopcntq	ymm0, ymm0
 1      3     1.00                        vextracti128	xmm1, ymm0, 1
 1      1     0.33                        vpaddq	xmm0, xmm1, xmm0
 1      1     0.50                        vpshufd	xmm1, xmm0, 238
 1      1     0.33                        vpaddq	xmm0, xmm0, xmm1
 1      2     1.00                        vmovd	r9d, xmm0
 1      1     0.25                        mov	r10, r9
 1      1     0.25                        neg	r10
 1      1     0.25                        cmp	r8, 256
 1      5     0.50    *                   movzx	ecx, word ptr [rdx + rcx + 62]
 1      1     0.50                        cmovae	r10, r9
 1      1     0.50                        shr	rsi, 11
 1      1     0.25                        mov	rdx, rsi
 3      4     1.00                        mulx	rax, rax, rax
 1      5     0.50    *                   mov	eax, dword ptr [rdi + 4*rax]
 1      1     0.50                        shl	rax, 11
 1      1     0.25                        add	rax, rcx
 1      1     0.25                        add	rax, r10
 2      6     0.50    *                   pop	rbx
 4      0     0.67                  U     vzeroupper
 3      7     1.00                  U     ret


Resources:
[0]   - ICXDivider
[1]   - ICXFPDivider
[2]   - ICXPort0
[3]   - ICXPort1
[4]   - ICXPort2
[5]   - ICXPort3
[6]   - ICXPort4
[7]   - ICXPort5
[8]   - ICXPort6
[9]   - ICXPort7
[10]  - ICXPort8
[11]  - ICXPort9


Resource pressure per iteration:
[0]    [1]    [2]    [3]    [4]    [5]    [6]    [7]    [8]    [9]    [10]   [11]   
 -      -     9.20   9.40   4.00   4.00   1.00   9.40   9.00   1.00    -      -     

Resource pressure by instruction:
[0]    [1]    [2]    [3]    [4]    [5]    [6]    [7]    [8]    [9]    [10]   [11]   Instructions:
 -      -      -     0.40    -      -     1.00   0.20   0.40   1.00    -      -     push	rbx
 -      -     0.60   0.20    -      -      -      -     0.20    -      -      -     mov	rdx, rsi
 -      -     0.20    -      -      -      -      -     0.80    -      -      -     shr	rdx, 4
 -      -     0.20   0.20    -      -      -     0.20   0.40    -      -      -     movabs	rax, 595056260442243601
 -      -      -     1.00    -      -      -     1.00    -      -      -      -     mulx	rcx, rcx, rax
 -      -      -     1.00    -      -      -      -      -      -      -      -     imul	rdx, rcx, 496
 -      -      -     0.60    -      -      -      -     0.40    -      -      -     mov	r8, rsi
 -      -      -     0.20    -      -      -     0.40   0.40    -      -      -     sub	r8, rdx
 -      -     0.40    -      -      -      -      -     0.60    -      -      -     shl	rcx, 6
 -      -      -      -     0.80   0.20    -      -      -      -      -      -     mov	rdx, qword ptr [rdi + 8]
 -      -      -      -      -      -      -     1.00    -      -      -      -     lea	r9, [rdx + rcx]
 -      -      -     0.40    -      -      -     0.60    -      -      -      -     mov	r10d, r8d
 -      -     0.40    -      -      -      -      -     0.60    -      -      -     shr	r10d, 3
 -      -     0.20   0.60    -      -      -     0.20    -      -      -      -     and	r10d, 32
 -      -     0.20   0.40    -      -      -     0.20   0.20    -      -      -     mov	r11d, r8d
 -      -     0.20    -      -      -      -      -     0.80    -      -      -     shl	r11d, 5
 -      -      -      -     0.60   0.40    -      -      -      -      -      -     vmovdqu	ymm0, ymmword ptr [rbx + r11]
 -      -     0.40   0.20   0.60   0.40    -     0.40    -      -      -      -     vpand	ymm0, ymm0, ymmword ptr [r10 + r9]
 -      -      -      -     0.60   0.40    -      -      -      -      -      -     mov	rdi, qword ptr [rdi + 32]
 -      -     0.60   0.40    -      -      -      -      -      -      -      -     vpopcntq	ymm0, ymm0
 -      -      -      -      -      -      -     1.00    -      -      -      -     vextracti128	xmm1, ymm0, 1
 -      -     0.80    -      -      -      -     0.20    -      -      -      -     vpaddq	xmm0, xmm1, xmm0
 -      -      -     0.40    -      -      -     0.60    -      -      -      -     vpshufd	xmm1, xmm0, 238
 -      -     1.00    -      -      -      -      -      -      -      -      -     vpaddq	xmm0, xmm0, xmm1
 -      -     1.00    -      -      -      -      -      -      -      -      -     vmovd	r9d, xmm0
 -      -      -     0.40    -      -      -     0.40   0.20    -      -      -     mov	r10, r9
 -      -      -     0.20    -      -      -     0.60   0.20    -      -      -     neg	r10
 -      -     0.20    -      -      -      -     0.40   0.40    -      -      -     cmp	r8, 256
 -      -      -      -      -     1.00    -      -      -      -      -      -     movzx	ecx, word ptr [rdx + rcx + 62]
 -      -     1.00    -      -      -      -      -      -      -      -      -     cmovae	r10, r9
 -      -     0.60    -      -      -      -      -     0.40    -      -      -     shr	rsi, 11
 -      -     0.20   0.20    -      -      -     0.20   0.40    -      -      -     mov	rdx, rsi
 -      -      -     1.00    -      -      -     1.00    -      -      -      -     mulx	rax, rax, rax
 -      -      -      -     0.80   0.20    -      -      -      -      -      -     mov	eax, dword ptr [rdi + 4*rax]
 -      -     0.20    -      -      -      -      -     0.80    -      -      -     shl	rax, 11
 -      -     0.20   0.40    -      -      -     0.20   0.20    -      -      -     add	rax, rcx
 -      -      -     0.60    -      -      -     0.40    -      -      -      -     add	rax, r10
 -      -     0.40    -     0.60   0.40    -      -     0.60    -      -      -     pop	rbx
 -      -      -      -      -      -      -      -      -      -      -      -     vzeroupper
 -      -     0.20   0.60    -     1.00    -     0.20   1.00    -      -      -     ret
