birank16_rank.s:14:36: error: unexpected token in argument list
        mov rbx, qword ptr [rip + quadrank::binary::blocks::BINARY_MID_MASKS256@GOTPCREL]
                                          ^
warning: found a return instruction in the input assembly sequence.
note: program counter updates are ignored.
Iterations:        1000
Instructions:      49000
Total Cycles:      29014
Total uOps:        63000

Dispatch Width:    6
uOps Per Cycle:    2.17
IPC:               1.69
Block RThroughput: 10.5


Cycles with backend pressure increase [ 87.72% ]
Throughput Bottlenecks: 
  Resource Pressure       [ 12.08% ]
  - ICXPort0  [ 3.46% ]
  - ICXPort1  [ 1.75% ]
  - ICXPort2  [ 1.73% ]
  - ICXPort3  [ 1.73% ]
  - ICXPort5  [ 6.91% ]
  - ICXPort6  [ 3.46% ]
  Data Dependencies:      [ 84.26% ]
  - Register Dependencies [ 84.26% ]
  - Memory Dependencies   [ 0.00% ]

Critical sequence based on the simulation:

              Instruction                                 Dependency Information
 +----< 8.    mov	r9, qword ptr [rdi + 8]
 |
 |    < loop carried > 
 |
 |      0.    push	rbx
 |      1.    mov	rdx, rsi
 |      2.    shr	rdx, 4
 |      3.    movabs	rax, 595056260442243601
 |      4.    mov	r8, rsi
 +----> 5.    vpbroadcastb	ymm1, byte ptr [rip + .LCPI25_2] ## RESOURCE interference:  ICXPort3 [ probability: 49% ]
 |      6.    vbroadcasti128	ymm3, xmmword ptr [rip + .LCPI25_3]
 |      7.    mulx	rdx, rdx, rax
 |      8.    mov	r9, qword ptr [rdi + 8]
 |      9.    imul	rcx, rdx, 496
 |      10.   shl	rdx, 6
 |      11.   sub	r8, rcx
 |      12.   mov	rcx, qword ptr [rdi + 32]
 |      13.   lea	rdi, [r9 + rdx]
 |      14.   mov	r10d, r8d
 |      15.   shr	r10d, 8
 |      16.   mov	r11d, r8d
 |      17.   shl	r11d, 5
 |      18.   shl	r10d, 5
 |      19.   vmovdqu	ymm0, ymmword ptr [r10 + rdi]
 |      20.   vpand	ymm0, ymm0, ymmword ptr [rbx + r11]
 +----> 21.   vpand	ymm2, ymm0, ymm1                  ## REGISTER dependency:  ymm1
 |      22.   vpsrlw	ymm0, ymm0, 4
 |      23.   vpand	ymm0, ymm0, ymm1
 +----> 24.   vpshufb	ymm2, ymm3, ymm2                  ## REGISTER dependency:  ymm2
 |      25.   vpxor	xmm1, xmm1, xmm1
 |      26.   vpshufb	ymm0, ymm3, ymm0
 +----> 27.   vpaddb	ymm0, ymm0, ymm2                  ## REGISTER dependency:  ymm2
 +----> 28.   vpsadbw	ymm0, ymm0, ymm1                  ## REGISTER dependency:  ymm0
 +----> 29.   vextracti128	xmm1, ymm0, 1             ## REGISTER dependency:  ymm0
 +----> 30.   vpaddq	xmm0, xmm0, xmm1                  ## REGISTER dependency:  xmm1
 +----> 31.   vpshufd	xmm1, xmm0, 238                   ## REGISTER dependency:  xmm0
 +----> 32.   vpaddq	xmm0, xmm0, xmm1                  ## REGISTER dependency:  xmm1
 +----> 33.   vmovq	rdi, xmm0                         ## REGISTER dependency:  xmm0
 +----> 34.   mov	r10, rdi                          ## REGISTER dependency:  rdi
 +----> 35.   neg	r10                               ## REGISTER dependency:  r10
        36.   cmp	r8, 256
        37.   movzx	r8d, word ptr [r9 + rdx + 62]
        38.   cmovae	r10, rdi
        39.   shr	rsi, 11
        40.   mov	rdx, rsi
        41.   mulx	rax, rax, rax
        42.   mov	eax, dword ptr [rcx + 4*rax]
        43.   shl	rax, 11
        44.   add	rax, r8
        45.   add	rax, r10
        46.   pop	rbx
        47.   vzeroupper
        48.   ret


Instruction Info:
[1]: #uOps
[2]: Latency
[3]: RThroughput
[4]: MayLoad
[5]: MayStore
[6]: HasSideEffects (U)

[1]    [2]    [3]    [4]    [5]    [6]    Instructions:
 3      2     1.00           *            push	rbx
 1      1     0.25                        mov	rdx, rsi
 1      1     0.50                        shr	rdx, 4
 1      1     0.25                        movabs	rax, 595056260442243601
 1      1     0.25                        mov	r8, rsi
 2      8     1.00    *                   vpbroadcastb	ymm1, byte ptr [rip + .LCPI25_2]
 1      7     0.50    *                   vbroadcasti128	ymm3, xmmword ptr [rip + .LCPI25_3]
 3      4     1.00                        mulx	rdx, rdx, rax
 1      5     0.50    *                   mov	r9, qword ptr [rdi + 8]
 1      3     1.00                        imul	rcx, rdx, 496
 1      1     0.50                        shl	rdx, 6
 1      1     0.25                        sub	r8, rcx
 1      5     0.50    *                   mov	rcx, qword ptr [rdi + 32]
 1      1     0.50                        lea	rdi, [r9 + rdx]
 1      1     0.25                        mov	r10d, r8d
 1      1     0.50                        shr	r10d, 8
 1      1     0.25                        mov	r11d, r8d
 1      1     0.50                        shl	r11d, 5
 1      1     0.50                        shl	r10d, 5
 1      7     0.50    *                   vmovdqu	ymm0, ymmword ptr [r10 + rdi]
 2      8     0.50    *                   vpand	ymm0, ymm0, ymmword ptr [rbx + r11]
 1      1     0.33                        vpand	ymm2, ymm0, ymm1
 1      1     0.50                        vpsrlw	ymm0, ymm0, 4
 1      1     0.33                        vpand	ymm0, ymm0, ymm1
 1      1     0.50                        vpshufb	ymm2, ymm3, ymm2
 1      0     0.17                        vpxor	xmm1, xmm1, xmm1
 1      1     0.50                        vpshufb	ymm0, ymm3, ymm0
 1      1     0.33                        vpaddb	ymm0, ymm0, ymm2
 1      3     1.00                        vpsadbw	ymm0, ymm0, ymm1
 1      3     1.00                        vextracti128	xmm1, ymm0, 1
 1      1     0.33                        vpaddq	xmm0, xmm0, xmm1
 1      1     0.50                        vpshufd	xmm1, xmm0, 238
 1      1     0.33                        vpaddq	xmm0, xmm0, xmm1
 1      2     1.00                        vmovq	rdi, xmm0
 1      1     0.25                        mov	r10, rdi
 1      1     0.25                        neg	r10
 1      1     0.25                        cmp	r8, 256
 1      5     0.50    *                   movzx	r8d, word ptr [r9 + rdx + 62]
 1      1     0.50                        cmovae	r10, rdi
 1      1     0.50                        shr	rsi, 11
 1      1     0.25                        mov	rdx, rsi
 3      4     1.00                        mulx	rax, rax, rax
 1      5     0.50    *                   mov	eax, dword ptr [rcx + 4*rax]
 1      1     0.50                        shl	rax, 11
 1      1     0.25                        add	rax, r8
 1      1     0.25                        add	rax, r10
 2      6     0.50    *                   pop	rbx
 4      0     0.67                  U     vzeroupper
 3      7     1.00                  U     ret


Resources:
[0]   - ICXDivider
[1]   - ICXFPDivider
[2]   - ICXPort0
[3]   - ICXPort1
[4]   - ICXPort2
[5]   - ICXPort3
[6]   - ICXPort4
[7]   - ICXPort5
[8]   - ICXPort6
[9]   - ICXPort7
[10]  - ICXPort8
[11]  - ICXPort9


Resource pressure per iteration:
[0]    [1]    [2]    [3]    [4]    [5]    [6]    [7]    [8]    [9]    [10]   [11]   
 -      -     11.00  11.00  5.00   5.00   1.00   12.00  10.00  1.00    -      -     

Resource pressure by instruction:
[0]    [1]    [2]    [3]    [4]    [5]    [6]    [7]    [8]    [9]    [10]   [11]   Instructions:
 -      -      -      -      -      -     1.00    -     1.00   1.00    -      -     push	rbx
 -      -      -     0.50    -      -      -      -     0.50    -      -      -     mov	rdx, rsi
 -      -      -      -      -      -      -      -     1.00    -      -      -     shr	rdx, 4
 -      -      -     0.50    -      -      -     0.50    -      -      -      -     movabs	rax, 595056260442243601
 -      -      -     0.50    -      -      -     0.50    -      -      -      -     mov	r8, rsi
 -      -      -      -     0.50   0.50    -     1.00    -      -      -      -     vpbroadcastb	ymm1, byte ptr [rip + .LCPI25_2]
 -      -      -      -     0.50   0.50    -      -      -      -      -      -     vbroadcasti128	ymm3, xmmword ptr [rip + .LCPI25_3]
 -      -      -     1.00    -      -      -     1.00    -      -      -      -     mulx	rdx, rdx, rax
 -      -      -      -     0.50   0.50    -      -      -      -      -      -     mov	r9, qword ptr [rdi + 8]
 -      -      -     1.00    -      -      -      -      -      -      -      -     imul	rcx, rdx, 496
 -      -     0.50    -      -      -      -      -     0.50    -      -      -     shl	rdx, 6
 -      -     0.50    -      -      -      -      -     0.50    -      -      -     sub	r8, rcx
 -      -      -      -     0.50   0.50    -      -      -      -      -      -     mov	rcx, qword ptr [rdi + 32]
 -      -      -     0.50    -      -      -     0.50    -      -      -      -     lea	rdi, [r9 + rdx]
 -      -      -     0.50    -      -      -     0.50    -      -      -      -     mov	r10d, r8d
 -      -      -      -      -      -      -      -     1.00    -      -      -     shr	r10d, 8
 -      -     0.50   0.50    -      -      -      -      -      -      -      -     mov	r11d, r8d
 -      -     1.00    -      -      -      -      -      -      -      -      -     shl	r11d, 5
 -      -     0.50    -      -      -      -      -     0.50    -      -      -     shl	r10d, 5
 -      -      -      -     1.00    -      -      -      -      -      -      -     vmovdqu	ymm0, ymmword ptr [r10 + rdi]
 -      -     1.00    -      -     1.00    -      -      -      -      -      -     vpand	ymm0, ymm0, ymmword ptr [rbx + r11]
 -      -      -     0.50    -      -      -     0.50    -      -      -      -     vpand	ymm2, ymm0, ymm1
 -      -     0.50   0.50    -      -      -      -      -      -      -      -     vpsrlw	ymm0, ymm0, 4
 -      -      -      -      -      -      -     1.00    -      -      -      -     vpand	ymm0, ymm0, ymm1
 -      -      -     1.00    -      -      -      -      -      -      -      -     vpshufb	ymm2, ymm3, ymm2
 -      -      -      -      -      -      -      -      -      -      -      -     vpxor	xmm1, xmm1, xmm1
 -      -      -     1.00    -      -      -      -      -      -      -      -     vpshufb	ymm0, ymm3, ymm0
 -      -      -      -      -      -      -     1.00    -      -      -      -     vpaddb	ymm0, ymm0, ymm2
 -      -      -      -      -      -      -     1.00    -      -      -      -     vpsadbw	ymm0, ymm0, ymm1
 -      -      -      -      -      -      -     1.00    -      -      -      -     vextracti128	xmm1, ymm0, 1
 -      -     1.00    -      -      -      -      -      -      -      -      -     vpaddq	xmm0, xmm0, xmm1
 -      -      -     1.00    -      -      -      -      -      -      -      -     vpshufd	xmm1, xmm0, 238
 -      -     0.50    -      -      -      -     0.50    -      -      -      -     vpaddq	xmm0, xmm0, xmm1
 -      -     1.00    -      -      -      -      -      -      -      -      -     vmovq	rdi, xmm0
 -      -      -     0.50    -      -      -      -     0.50    -      -      -     mov	r10, rdi
 -      -     1.00    -      -      -      -      -      -      -      -      -     neg	r10
 -      -     0.50    -      -      -      -      -     0.50    -      -      -     cmp	r8, 256
 -      -      -      -     1.00    -      -      -      -      -      -      -     movzx	r8d, word ptr [r9 + rdx + 62]
 -      -      -      -      -      -      -      -     1.00    -      -      -     cmovae	r10, rdi
 -      -      -      -      -      -      -      -     1.00    -      -      -     shr	rsi, 11
 -      -     1.00    -      -      -      -      -      -      -      -      -     mov	rdx, rsi
 -      -      -     1.00    -      -      -     1.00    -      -      -      -     mulx	rax, rax, rax
 -      -      -      -      -     1.00    -      -      -      -      -      -     mov	eax, dword ptr [rcx + 4*rax]
 -      -      -      -      -      -      -      -     1.00    -      -      -     shl	rax, 11
 -      -     0.50    -      -      -      -     0.50    -      -      -      -     add	rax, r8
 -      -     0.50   0.50    -      -      -      -      -      -      -      -     add	rax, r10
 -      -      -      -     1.00    -      -     1.00    -      -      -      -     pop	rbx
 -      -      -      -      -      -      -      -      -      -      -      -     vzeroupper
 -      -     0.50    -      -     1.00    -     0.50   1.00    -      -      -     ret
